******************************************************************************
                  MSP430 Linker PC v4.4.5                      
******************************************************************************
>> Linked Tue Dec 06 20:07:23 2016

OUTPUT FILE NAME:   <RS485.out>
ENTRY POINT SYMBOL: "_c_int00_noargs_noexit"  address: 0000168e


MEMORY CONFIGURATION

         name            origin    length      used     unused   attr    fill
----------------------  --------  ---------  --------  --------  ----  --------
  SFR                   00000000   00000010  00000000  00000010  RWIX
  PERIPHERALS_8BIT      00000010   000000f0  00000000  000000f0  RWIX
  PERIPHERALS_16BIT     00000100   00000100  00000000  00000100  RWIX
  RAM                   00000200   00000800  000000af  00000751  RWIX
  INFOB                 00001000   00000080  00000000  00000080  RWIX
  INFOA                 00001080   00000080  00000000  00000080  RWIX
  FLASH                 00001100   0000eee0  000006a8  0000e838  RWIX
  INT00                 0000ffe0   00000002  00000000  00000002  RWIX
  INT01                 0000ffe2   00000002  00000002  00000000  RWIX
  INT02                 0000ffe4   00000002  00000002  00000000  RWIX
  INT03                 0000ffe6   00000002  00000002  00000000  RWIX
  INT04                 0000ffe8   00000002  00000002  00000000  RWIX
  INT05                 0000ffea   00000002  00000002  00000000  RWIX
  INT06                 0000ffec   00000002  00000002  00000000  RWIX
  INT07                 0000ffee   00000002  00000002  00000000  RWIX
  INT08                 0000fff0   00000002  00000002  00000000  RWIX
  INT09                 0000fff2   00000002  00000002  00000000  RWIX
  INT10                 0000fff4   00000002  00000002  00000000  RWIX
  INT11                 0000fff6   00000002  00000002  00000000  RWIX
  INT12                 0000fff8   00000002  00000002  00000000  RWIX
  INT13                 0000fffa   00000002  00000002  00000000  RWIX
  INT14                 0000fffc   00000002  00000002  00000000  RWIX
  RESET                 0000fffe   00000002  00000002  00000000  RWIX


SECTION ALLOCATION MAP

 output                                  attributes/
section   page    origin      length       input sections
--------  ----  ----------  ----------   ----------------
.bss       0    00000200    00000052     UNINITIALIZED
                  00000200    0000001e     (.common:uart0_rx_buf)
                  0000021e    0000001e     (.common:uart1_rx_buf)
                  0000023c    0000000a     (.common:OsUart0CmdBuff)
                  00000246    0000000a     (.common:OsUart1CmdBuff)
                  00000250    00000002     (.common:Frequency_cnt)

.data      0    00000252    0000000d     UNINITIALIZED
                  00000252    00000007     uart.obj (.data)
                  00000259    00000006     uart1.obj (.data)

.TI.persistent 
*          0    00000252    00000000     UNINITIALIZED

.stack     0    000009b0    00000050     UNINITIALIZED
                  000009b0    00000002     rts430_eabi.lib : boot.obj (.stack)
                  000009b2    0000004e     --HOLE--

.text      0    00001100    00000660     
                  00001100    0000006e     uart.obj (.text:uart0_get_cmd)
                  0000116e    0000006e     uart1.obj (.text:uart1_get_cmd)
                  000011dc    0000006a     lcd1602.obj (.text:LCD_init)
                  00001246    00000064     rts430_eabi.lib : copy_decompress_rle.obj (.text:__TI_decompress_rle_core)
                  000012aa    0000005c     System_init.obj (.text:Sys_init)
                  00001306    0000005a     System_running.obj (.text:Sys_loop)
                  00001360    0000005a     interrupt.obj (.text:Timer_A)
                  000013ba    00000058     rts430_eabi.lib : autoinit.obj (.text:_auto_init)
                  00001412    0000004c     uart.obj (.text:UART0_Init)
                  0000145e    00000048     uart1.obj (.text:UART1_Init)
                  000014a6    0000003c     uart.obj (.text:uart0_get_cmdadd)
                  000014e2    0000003c     uart1.obj (.text:uart1_get_cmdadd)
                  0000151e    00000030     uart.obj (.text:UART0_RX_ISR)
                  0000154e    00000030     uart1.obj (.text:UART1_RX_ISR)
                  0000157e    0000002e     system.obj (.text:Clock_Init)
                  000015ac    0000002c     lcd1602.obj (.text:LCD_write_str)
                  000015d8    0000002a     lcd1602.obj (.text:LCD_write_com)
                  00001602    0000002a     lcd1602.obj (.text:LCD_write_data)
                  0000162c    00000022     lcd1602.obj (.text:LCD_write_char)
                  0000164e    00000020     uart.obj (.text:displayAll)
                  0000166e    00000020     uart1.obj (.text:uart1_displayAll)
                  0000168e    0000001a     rts430_eabi.lib : boot_special.obj (.text:_c_int00_noargs_noexit)
                  000016a8    00000014     lcd1602.obj (.text:LCD_clear)
                  000016bc    00000014     lcd1602.obj (.text:Lcd_Portinit)
                  000016d0    00000014     rts430_eabi.lib : copy_zero_init.obj (.text:decompress:ZI:__TI_zero_init)
                  000016e4    00000012                     : copy_decompress_none.obj (.text:decompress:none:__TI_decompress_none)
                  000016f6    00000012                     : memcpy.obj (.text:memcpy)
                  00001708    00000010                     : epilog.obj (.text)
                  00001718    0000000e     TimerA.obj (.text:TIMERA_Init)
                  00001726    0000000c     main.obj (.text:main)
                  00001732    0000000a     interrupt.obj (.text:External_interrupt)
                  0000173c    00000008     Flash.obj (.text:FlashInit)
                  00001744    00000008     Watchdog.obj (.text:Watchdog_init)
                  0000174c    00000006     rts430_eabi.lib : isr_trap.obj (.text:_isr:__TI_ISR_TRAP)
                  00001752    00000006                     : copy_decompress_rle.obj (.text:decompress:rle24:__TI_decompress_rle24)
                  00001758    00000004                     : pre_init.obj (.text:_system_pre_init)
                  0000175c    00000004                     : exit.obj (.text:abort)

.const     0    00001760    00000024     
                  00001760    00000014     System_init.obj (.const:.string)
                  00001774    00000010     System_running.obj (.const:.string)

.cinit     0    00001784    00000024     
                  00001784    00000011     (.cinit..data.load) [load image]
                  00001795    00000001     --HOLE-- [fill = 0]
                  00001796    00000006     (__TI_handler_table)
                  0000179c    00000004     (.cinit..bss.load) [load image, compression = zero_init]
                  000017a0    00000008     (__TI_cinit_table)

.init_array 
*          0    00001100    00000000     UNINITIALIZED

PORT2      0    0000ffe2    00000002     
                  0000ffe2    00000002     rts430_eabi.lib : int01.obj (.int01)

USART1TX   0    0000ffe4    00000002     
                  0000ffe4    00000002     rts430_eabi.lib : int02.obj (.int02)

USART1RX   0    0000ffe6    00000002     
                  0000ffe6    00000002     uart1.obj (.int03)

PORT1      0    0000ffe8    00000002     
                  0000ffe8    00000002     interrupt.obj (.int04)

TIMERA1    0    0000ffea    00000002     
                  0000ffea    00000002     interrupt.obj (.int05)

TIMERA0    0    0000ffec    00000002     
                  0000ffec    00000002     rts430_eabi.lib : int06.obj (.int06)

ADC12      0    0000ffee    00000002     
                  0000ffee    00000002     rts430_eabi.lib : int07.obj (.int07)

USART0TX   0    0000fff0    00000002     
                  0000fff0    00000002     rts430_eabi.lib : int08.obj (.int08)

USART0RX   0    0000fff2    00000002     
                  0000fff2    00000002     uart.obj (.int09)

WDT        0    0000fff4    00000002     
                  0000fff4    00000002     rts430_eabi.lib : int10.obj (.int10)

COMPARATORA 
*          0    0000fff6    00000002     
                  0000fff6    00000002     rts430_eabi.lib : int11.obj (.int11)

TIMERB1    0    0000fff8    00000002     
                  0000fff8    00000002     rts430_eabi.lib : int12.obj (.int12)

TIMERB0    0    0000fffa    00000002     
                  0000fffa    00000002     rts430_eabi.lib : int13.obj (.int13)

NMI        0    0000fffc    00000002     
                  0000fffc    00000002     rts430_eabi.lib : int14.obj (.int14)

.reset     0    0000fffe    00000002     
                  0000fffe    00000002     rts430_eabi.lib : boot.obj (.reset)


LINKER GENERATED COPY TABLES

__TI_cinit_table @ 000017a0 records: 2, size/record: 4, table size: 8
	.data: load addr=00001784, load size=00000011 bytes, run addr=00000252, run size=0000000d bytes, compression=copy
	.bss: load addr=0000179c, load size=00000004 bytes, run addr=00000200, run size=00000052 bytes, compression=zero_init


LINKER GENERATED HANDLER TABLE

__TI_handler_table @ 00001796 records: 3, size/record: 2, table size: 6
	index: 0, handler: __TI_zero_init
	index: 1, handler: __TI_decompress_rle24
	index: 2, handler: __TI_decompress_none


GLOBAL SYMBOLS: SORTED ALPHABETICALLY BY Name 

address   name                    
-------   ----                    
000001a0  ADC12CTL0               
000001a2  ADC12CTL1               
000001a6  ADC12IE                 
000001a4  ADC12IFG                
000001a8  ADC12IV                 
00000080  ADC12MCTL0              
00000081  ADC12MCTL1              
0000008a  ADC12MCTL10             
0000008b  ADC12MCTL11             
0000008c  ADC12MCTL12             
0000008d  ADC12MCTL13             
0000008e  ADC12MCTL14             
0000008f  ADC12MCTL15             
00000082  ADC12MCTL2              
00000083  ADC12MCTL3              
00000084  ADC12MCTL4              
00000085  ADC12MCTL5              
00000086  ADC12MCTL6              
00000087  ADC12MCTL7              
00000088  ADC12MCTL8              
00000089  ADC12MCTL9              
00000140  ADC12MEM0               
00000142  ADC12MEM1               
00000154  ADC12MEM10              
00000156  ADC12MEM11              
00000158  ADC12MEM12              
0000015a  ADC12MEM13              
0000015c  ADC12MEM14              
0000015e  ADC12MEM15              
00000144  ADC12MEM2               
00000146  ADC12MEM3               
00000148  ADC12MEM4               
0000014a  ADC12MEM5               
0000014c  ADC12MEM6               
0000014e  ADC12MEM7               
00000150  ADC12MEM8               
00000152  ADC12MEM9               
00000057  BCSCTL1                 
00000058  BCSCTL2                 
0000175c  C$$EXIT                 
00000059  CACTL1                  
0000005a  CACTL2                  
0000005b  CAPD                    
0000157e  Clock_Init              
00000056  DCOCTL                  
00001732  External_interrupt      
00000128  FCTL1                   
0000012a  FCTL2                   
0000012c  FCTL3                   
0000173c  FlashInit               
00000250  Frequency_cnt           
00000000  IE1                     
00000001  IE2                     
00000002  IFG1                    
00000003  IFG2                    
000016a8  LCD_clear               
000011dc  LCD_init                
0000162c  LCD_write_char          
000015d8  LCD_write_com           
00001602  LCD_write_data          
000015ac  LCD_write_str           
000016bc  Lcd_Portinit            
00000134  MAC                     
00000136  MACS                    
00000004  ME1                     
00000005  ME2                     
00000130  MPY                     
00000132  MPYS                    
00000138  OP2                     
0000023c  OsUart0CmdBuff          
00000246  OsUart1CmdBuff          
00000258  Os_uart0_cmd_len        
00000257  Os_uart0_cmd_nll        
00000256  Os_uart0_cmd_nln        
0000025e  Os_uart1_cmd_len        
0000025d  Os_uart1_cmd_nll        
0000025c  Os_uart1_cmd_nln        
00000022  P1DIR                   
00000025  P1IE                    
00000024  P1IES                   
00000023  P1IFG                   
00000020  P1IN                    
00000021  P1OUT                   
00000026  P1SEL                   
0000002a  P2DIR                   
0000002d  P2IE                    
0000002c  P2IES                   
0000002b  P2IFG                   
00000028  P2IN                    
00000029  P2OUT                   
0000002e  P2SEL                   
0000001a  P3DIR                   
00000018  P3IN                    
00000019  P3OUT                   
0000001b  P3SEL                   
0000001e  P4DIR                   
0000001c  P4IN                    
0000001d  P4OUT                   
0000001f  P4SEL                   
00000032  P5DIR                   
00000030  P5IN                    
00000031  P5OUT                   
00000033  P5SEL                   
00000036  P6DIR                   
00000034  P6IN                    
00000035  P6OUT                   
00000037  P6SEL                   
0000013c  RESHI                   
0000013a  RESLO                   
0000013e  SUMEXT                  
000012aa  Sys_init                
00001306  Sys_loop                
00000172  TACCR0                  
00000174  TACCR1                  
00000176  TACCR2                  
00000162  TACCTL0                 
00000164  TACCTL1                 
00000166  TACCTL2                 
00000160  TACTL                   
0000012e  TAIV                    
00000170  TAR                     
00000192  TBCCR0                  
00000194  TBCCR1                  
00000196  TBCCR2                  
00000198  TBCCR3                  
0000019a  TBCCR4                  
0000019c  TBCCR5                  
0000019e  TBCCR6                  
00000182  TBCCTL0                 
00000184  TBCCTL1                 
00000186  TBCCTL2                 
00000188  TBCCTL3                 
0000018a  TBCCTL4                 
0000018c  TBCCTL5                 
0000018e  TBCCTL6                 
00000180  TBCTL                   
0000011e  TBIV                    
00000190  TBR                     
00001718  TIMERA_Init             
00001360  Timer_A                 
00000074  U0BR0                   
00000075  U0BR1                   
00000070  U0CTL                   
00000073  U0MCTL                  
00000072  U0RCTL                  
00000076  U0RXBUF                 
00000071  U0TCTL                  
00000077  U0TXBUF                 
0000007c  U1BR0                   
0000007d  U1BR1                   
00000078  U1CTL                   
0000007b  U1MCTL                  
0000007a  U1RCTL                  
0000007e  U1RXBUF                 
00000079  U1TCTL                  
0000007f  U1TXBUF                 
00001412  UART0_Init              
0000151e  UART0_RX_ISR            
0000145e  UART1_Init              
0000154e  UART1_RX_ISR            
00000120  WDTCTL                  
00001744  Watchdog_init           
00000a00  __STACK_END             
00000050  __STACK_SIZE            
000017a0  __TI_CINIT_Base         
000017a8  __TI_CINIT_Limit        
00001796  __TI_Handler_Table_Base 
0000179c  __TI_Handler_Table_Limit
UNDEFED   __TI_INITARRAY_Base     
UNDEFED   __TI_INITARRAY_Limit    
0000174c  __TI_ISR_TRAP           
000016e4  __TI_decompress_none    
00001752  __TI_decompress_rle24   
0000ffe2  __TI_int01              
0000ffe4  __TI_int02              
0000ffe6  __TI_int03              
0000ffe8  __TI_int04              
0000ffea  __TI_int05              
0000ffec  __TI_int06              
0000ffee  __TI_int07              
0000fff0  __TI_int08              
0000fff2  __TI_int09              
0000fff4  __TI_int10              
0000fff6  __TI_int11              
0000fff8  __TI_int12              
0000fffa  __TI_int13              
0000fffc  __TI_int14              
000016d0  __TI_zero_init          
ffffffff  __binit__               
ffffffff  __c_args__              
00001714  __mspabi_func_epilog_1  
00001712  __mspabi_func_epilog_2  
00001710  __mspabi_func_epilog_3  
0000170e  __mspabi_func_epilog_4  
0000170c  __mspabi_func_epilog_5  
0000170a  __mspabi_func_epilog_6  
00001708  __mspabi_func_epilog_7  
000013ba  _auto_init              
0000168e  _c_int00_noargs_noexit  
0000fffe  _reset_vector           
000009b0  _stack                  
00001758  _system_pre_init        
0000175c  abort                   
ffffffff  binit                   
0000164e  displayAll              
00001726  main                    
000016f6  memcpy                  
00000254  receTimeOut             
00000255  uart0_commands          
00000252  uart0_echo              
00001100  uart0_get_cmd           
000014a6  uart0_get_cmdadd        
00000200  uart0_rx_buf            
00000253  uart0_rx_end            
0000025b  uart1_commands          
0000166e  uart1_displayAll        
0000116e  uart1_get_cmd           
000014e2  uart1_get_cmdadd        
0000025a  uart1_receTimeOut       
0000021e  uart1_rx_buf            
00000259  uart1_rx_end            


GLOBAL SYMBOLS: SORTED BY Symbol Address 

address   name                    
-------   ----                    
00000000  IE1                     
00000001  IE2                     
00000002  IFG1                    
00000003  IFG2                    
00000004  ME1                     
00000005  ME2                     
00000018  P3IN                    
00000019  P3OUT                   
0000001a  P3DIR                   
0000001b  P3SEL                   
0000001c  P4IN                    
0000001d  P4OUT                   
0000001e  P4DIR                   
0000001f  P4SEL                   
00000020  P1IN                    
00000021  P1OUT                   
00000022  P1DIR                   
00000023  P1IFG                   
00000024  P1IES                   
00000025  P1IE                    
00000026  P1SEL                   
00000028  P2IN                    
00000029  P2OUT                   
0000002a  P2DIR                   
0000002b  P2IFG                   
0000002c  P2IES                   
0000002d  P2IE                    
0000002e  P2SEL                   
00000030  P5IN                    
00000031  P5OUT                   
00000032  P5DIR                   
00000033  P5SEL                   
00000034  P6IN                    
00000035  P6OUT                   
00000036  P6DIR                   
00000037  P6SEL                   
00000050  __STACK_SIZE            
00000056  DCOCTL                  
00000057  BCSCTL1                 
00000058  BCSCTL2                 
00000059  CACTL1                  
0000005a  CACTL2                  
0000005b  CAPD                    
00000070  U0CTL                   
00000071  U0TCTL                  
00000072  U0RCTL                  
00000073  U0MCTL                  
00000074  U0BR0                   
00000075  U0BR1                   
00000076  U0RXBUF                 
00000077  U0TXBUF                 
00000078  U1CTL                   
00000079  U1TCTL                  
0000007a  U1RCTL                  
0000007b  U1MCTL                  
0000007c  U1BR0                   
0000007d  U1BR1                   
0000007e  U1RXBUF                 
0000007f  U1TXBUF                 
00000080  ADC12MCTL0              
00000081  ADC12MCTL1              
00000082  ADC12MCTL2              
00000083  ADC12MCTL3              
00000084  ADC12MCTL4              
00000085  ADC12MCTL5              
00000086  ADC12MCTL6              
00000087  ADC12MCTL7              
00000088  ADC12MCTL8              
00000089  ADC12MCTL9              
0000008a  ADC12MCTL10             
0000008b  ADC12MCTL11             
0000008c  ADC12MCTL12             
0000008d  ADC12MCTL13             
0000008e  ADC12MCTL14             
0000008f  ADC12MCTL15             
0000011e  TBIV                    
00000120  WDTCTL                  
00000128  FCTL1                   
0000012a  FCTL2                   
0000012c  FCTL3                   
0000012e  TAIV                    
00000130  MPY                     
00000132  MPYS                    
00000134  MAC                     
00000136  MACS                    
00000138  OP2                     
0000013a  RESLO                   
0000013c  RESHI                   
0000013e  SUMEXT                  
00000140  ADC12MEM0               
00000142  ADC12MEM1               
00000144  ADC12MEM2               
00000146  ADC12MEM3               
00000148  ADC12MEM4               
0000014a  ADC12MEM5               
0000014c  ADC12MEM6               
0000014e  ADC12MEM7               
00000150  ADC12MEM8               
00000152  ADC12MEM9               
00000154  ADC12MEM10              
00000156  ADC12MEM11              
00000158  ADC12MEM12              
0000015a  ADC12MEM13              
0000015c  ADC12MEM14              
0000015e  ADC12MEM15              
00000160  TACTL                   
00000162  TACCTL0                 
00000164  TACCTL1                 
00000166  TACCTL2                 
00000170  TAR                     
00000172  TACCR0                  
00000174  TACCR1                  
00000176  TACCR2                  
00000180  TBCTL                   
00000182  TBCCTL0                 
00000184  TBCCTL1                 
00000186  TBCCTL2                 
00000188  TBCCTL3                 
0000018a  TBCCTL4                 
0000018c  TBCCTL5                 
0000018e  TBCCTL6                 
00000190  TBR                     
00000192  TBCCR0                  
00000194  TBCCR1                  
00000196  TBCCR2                  
00000198  TBCCR3                  
0000019a  TBCCR4                  
0000019c  TBCCR5                  
0000019e  TBCCR6                  
000001a0  ADC12CTL0               
000001a2  ADC12CTL1               
000001a4  ADC12IFG                
000001a6  ADC12IE                 
000001a8  ADC12IV                 
00000200  uart0_rx_buf            
0000021e  uart1_rx_buf            
0000023c  OsUart0CmdBuff          
00000246  OsUart1CmdBuff          
00000250  Frequency_cnt           
00000252  uart0_echo              
00000253  uart0_rx_end            
00000254  receTimeOut             
00000255  uart0_commands          
00000256  Os_uart0_cmd_nln        
00000257  Os_uart0_cmd_nll        
00000258  Os_uart0_cmd_len        
00000259  uart1_rx_end            
0000025a  uart1_receTimeOut       
0000025b  uart1_commands          
0000025c  Os_uart1_cmd_nln        
0000025d  Os_uart1_cmd_nll        
0000025e  Os_uart1_cmd_len        
000009b0  _stack                  
00000a00  __STACK_END             
00001100  uart0_get_cmd           
0000116e  uart1_get_cmd           
000011dc  LCD_init                
000012aa  Sys_init                
00001306  Sys_loop                
00001360  Timer_A                 
000013ba  _auto_init              
00001412  UART0_Init              
0000145e  UART1_Init              
000014a6  uart0_get_cmdadd        
000014e2  uart1_get_cmdadd        
0000151e  UART0_RX_ISR            
0000154e  UART1_RX_ISR            
0000157e  Clock_Init              
000015ac  LCD_write_str           
000015d8  LCD_write_com           
00001602  LCD_write_data          
0000162c  LCD_write_char          
0000164e  displayAll              
0000166e  uart1_displayAll        
0000168e  _c_int00_noargs_noexit  
000016a8  LCD_clear               
000016bc  Lcd_Portinit            
000016d0  __TI_zero_init          
000016e4  __TI_decompress_none    
000016f6  memcpy                  
00001708  __mspabi_func_epilog_7  
0000170a  __mspabi_func_epilog_6  
0000170c  __mspabi_func_epilog_5  
0000170e  __mspabi_func_epilog_4  
00001710  __mspabi_func_epilog_3  
00001712  __mspabi_func_epilog_2  
00001714  __mspabi_func_epilog_1  
00001718  TIMERA_Init             
00001726  main                    
00001732  External_interrupt      
0000173c  FlashInit               
00001744  Watchdog_init           
0000174c  __TI_ISR_TRAP           
00001752  __TI_decompress_rle24   
00001758  _system_pre_init        
0000175c  C$$EXIT                 
0000175c  abort                   
00001796  __TI_Handler_Table_Base 
0000179c  __TI_Handler_Table_Limit
000017a0  __TI_CINIT_Base         
000017a8  __TI_CINIT_Limit        
0000ffe2  __TI_int01              
0000ffe4  __TI_int02              
0000ffe6  __TI_int03              
0000ffe8  __TI_int04              
0000ffea  __TI_int05              
0000ffec  __TI_int06              
0000ffee  __TI_int07              
0000fff0  __TI_int08              
0000fff2  __TI_int09              
0000fff4  __TI_int10              
0000fff6  __TI_int11              
0000fff8  __TI_int12              
0000fffa  __TI_int13              
0000fffc  __TI_int14              
0000fffe  _reset_vector           
ffffffff  __binit__               
ffffffff  __c_args__              
ffffffff  binit                   
UNDEFED   __TI_INITARRAY_Base     
UNDEFED   __TI_INITARRAY_Limit    

[221 symbols]
